======================================================================
  BS8414 FunDiff surrogate — Stage 1: Function Autoencoder
======================================================================
Device: cuda (NVIDIA GeForce RTX 4090)
  excluded: BS8414_DCLG_Test7 (declares insulation system PF like 33 other decks, but its Phenolic_Foam MATL is inert - HEAT_OF_REACTION absent (0 kJ/kg) with REFERENCE_TEMPERATURE=429 degC - where every other PF deck decomposes at HEAT_OF_REACTION=400 with no explicit reference temperature (cp 1.2 vs 1.5, k 0.020 vs 0.022, rho 32 vs 39). Same defect class as the debug case above: a different system under the same name. Found 2026-08-19 by explain_part1.check_group_determinism, which verifies that an insulation id fixes its material block; this was the only violation in 185 cases)
    loaded 25/184
    loaded 50/184
    loaded 75/184
    loaded 100/184
    loaded 125/184
    loaded 150/184
    loaded 175/184
  184 cases, fields (184, 5, 181, 128, 64) float16 (2.54 GB)
  norm stats fitted on 141 training sims (global mean 109.1 degC, sd 201.6)
  [train] 557 functions (141 sims, 3.30 GB in RAM)
  [valid] 84 functions (20 sims, 0.50 GB in RAM)
  [test] 95 functions (23 sims, 0.56 GB in RAM)
  FAE params: 7,526,401
  Train 557  Valid 84  Test 95 functions

  Ep   1 T:1.1302 V:1.1022 | mse:1.0198 ssim:0.731 grow:0.0045 eng:0.1204 lr:2.37e-04
  Ep  10 T:0.8512 V:1.1276 | mse:0.7545 ssim:0.635 grow:0.0602 eng:0.1614 lr:9.79e-04
  Ep  20 T:0.3319 V:0.8759 | mse:0.2749 ssim:0.372 grow:0.0373 eng:0.1677 lr:9.44e-04
  Ep  30 T:0.2404 V:0.5010 | mse:0.1949 ssim:0.296 grow:0.0202 eng:0.1744 lr:9.10e-04
  Ep  40 T:0.2247 V:0.2929 | mse:0.1819 ssim:0.279 grow:0.0170 eng:0.1639 lr:8.77e-04
  Ep  50 T:0.2197 V:0.2424 | mse:0.1783 ssim:0.270 grow:0.0156 eng:0.1474 lr:8.45e-04
  Ep  60 T:0.2097 V:0.2160 | mse:0.1679 ssim:0.272 grow:0.0152 eng:0.1813 lr:8.14e-04
  Ep  70 T:0.2066 V:0.2091 | mse:0.1668 ssim:0.258 grow:0.0138 eng:0.1813 lr:7.85e-04
  Ep  80 T:0.1892 V:0.1971 | mse:0.1515 ssim:0.245 grow:0.0127 eng:0.1711 lr:7.56e-04
  Ep  90 T:0.1821 V:0.1875 | mse:0.1437 ssim:0.250 grow:0.0124 eng:0.1314 lr:7.29e-04
  Ep 100 T:0.1840 V:0.1831 | mse:0.1467 ssim:0.242 grow:0.0117 eng:0.1609 lr:7.03e-04
  Ep 110 T:0.1776 V:0.1765 | mse:0.1415 ssim:0.234 grow:0.0114 eng:0.1680 lr:6.77e-04
  Ep 120 T:0.1792 V:0.1716 | mse:0.1421 ssim:0.242 grow:0.0111 eng:0.1581 lr:6.53e-04
  Ep 130 T:0.1734 V:0.1749 | mse:0.1374 ssim:0.233 grow:0.0105 eng:0.1800 lr:6.29e-04
  Ep 140 T:0.1715 V:0.1745 | mse:0.1353 ssim:0.235 grow:0.0104 eng:0.1583 lr:6.06e-04
  Ep 150 T:0.1713 V:0.1746 | mse:0.1354 ssim:0.234 grow:0.0101 eng:0.1409 lr:5.84e-04
  Ep 160 T:0.1698 V:0.1727 | mse:0.1340 ssim:0.233 grow:0.0099 eng:0.1559 lr:5.63e-04
  Ep 170 T:0.1534 V:0.1695 | mse:0.1194 ssim:0.220 grow:0.0101 eng:0.1808 lr:5.43e-04
  Ep 180 T:0.1555 V:0.1662 | mse:0.1205 ssim:0.227 grow:0.0101 eng:0.1733 lr:5.23e-04
  Ep 190 T:0.1591 V:0.1632 | mse:0.1244 ssim:0.226 grow:0.0101 eng:0.1474 lr:5.04e-04
  Ep 200 T:0.1558 V:0.1492 | mse:0.1210 ssim:0.225 grow:0.0099 eng:0.1924 lr:4.86e-04
  Ep 210 T:0.1549 V:0.1527 | mse:0.1211 ssim:0.219 grow:0.0102 eng:0.1702 lr:4.68e-04
  Ep 220 T:0.1457 V:0.1564 | mse:0.1117 ssim:0.221 grow:0.0098 eng:0.1532 lr:4.51e-04
  Ep 230 T:0.1445 V:0.1482 | mse:0.1101 ssim:0.223 grow:0.0099 eng:0.1687 lr:4.35e-04
  Ep 240 T:0.1432 V:0.1550 | mse:0.1101 ssim:0.215 grow:0.0096 eng:0.1454 lr:4.19e-04
  Ep 250 T:0.1409 V:0.1543 | mse:0.1073 ssim:0.217 grow:0.0099 eng:0.1837 lr:4.04e-04
  Ep 260 T:0.1377 V:0.1562 | mse:0.1050 ssim:0.212 grow:0.0098 eng:0.1389 lr:3.89e-04
  Ep 270 T:0.1382 V:0.1442 | mse:0.1053 ssim:0.213 grow:0.0100 eng:0.1673 lr:3.75e-04
  Ep 280 T:0.1419 V:0.1515 | mse:0.1094 ssim:0.211 grow:0.0099 eng:0.1684 lr:3.62e-04
  Ep 290 T:0.1380 V:0.1459 | mse:0.1048 ssim:0.214 grow:0.0100 eng:0.1763 lr:3.49e-04
  Ep 300 T:0.1334 V:0.1397 | mse:0.1011 ssim:0.209 grow:0.0100 eng:0.1649 lr:3.36e-04
  Ep 310 T:0.1322 V:0.1398 | mse:0.1003 ssim:0.206 grow:0.0098 eng:0.1771 lr:3.24e-04
  Ep 320 T:0.1323 V:0.1420 | mse:0.0994 ssim:0.213 grow:0.0098 eng:0.1827 lr:3.12e-04
  Ep 330 T:0.1349 V:0.1474 | mse:0.1023 ssim:0.212 grow:0.0098 eng:0.1531 lr:3.01e-04
  Ep 340 T:0.1294 V:0.1460 | mse:0.0969 ssim:0.211 grow:0.0099 eng:0.1635 lr:2.90e-04
  Ep 350 T:0.1281 V:0.1399 | mse:0.0964 ssim:0.205 grow:0.0100 eng:0.1667 lr:2.79e-04
  Ep 360 T:0.1284 V:0.1383 | mse:0.0960 ssim:0.210 grow:0.0099 eng:0.1740 lr:2.69e-04
  Ep 370 T:0.1280 V:0.1385 | mse:0.0960 ssim:0.207 grow:0.0097 eng:0.1695 lr:2.60e-04
  Ep 380 T:0.1268 V:0.1375 | mse:0.0947 ssim:0.209 grow:0.0098 eng:0.1584 lr:2.50e-04
  Ep 390 T:0.1258 V:0.1339 | mse:0.0939 ssim:0.208 grow:0.0100 eng:0.1380 lr:2.41e-04
  Ep 400 T:0.1259 V:0.1366 | mse:0.0939 ssim:0.207 grow:0.0099 eng:0.1762 lr:2.32e-04

  Best valid MSE: 0.1324  (8994s)
  Saved -> D:\VS_projects\bs8414_fundiff_surrogate\models_part1_fundiff_r2\fae_best.pt
  FAE full-grid reconstruction R2 [valid]: 0.8770
  FAE full-grid reconstruction R2 [test]: 0.8441
